Loading the graph from the file ../data/preprocessed/ChG-Miner_miner-chem-gene.tsv...
Number of nodes: 7341
Number of edges: 15138
Computing an upper bound to the diameter of the input uncertain graph...
Estimated upper bound for the diameter: 22
Time required to estimate the upper bound: 1.57055s
Running experiments on the lin centrality.

Running PPS with the following parameters:
n_threads: 4
k: 5
l: 10
delta: 0.1
exp_rep: 0
The errors of the estimated centralities are computed with respect to the MC baseline run with the following parameters:
n_threads: 4
k: 20
exp_rep: 0
Saving the results...

Running PPS with the following parameters:
n_threads: 4
k: 5
l: 10
delta: 0.1
exp_rep: 1
The errors of the estimated centralities are computed with respect to the MC baseline run with the following parameters:
n_threads: 4
k: 20
exp_rep: 1
Saving the results...

Running PPS with the following parameters:
n_threads: 4
k: 5
l: 10
delta: 0.01
exp_rep: 0
The errors of the estimated centralities are computed with respect to the MC baseline run with the following parameters:
n_threads: 4
k: 20
exp_rep: 0
Saving the results...

Running PPS with the following parameters:
n_threads: 4
k: 5
l: 10
delta: 0.01
exp_rep: 1
The errors of the estimated centralities are computed with respect to the MC baseline run with the following parameters:
n_threads: 4
k: 20
exp_rep: 1
Saving the results...

Running PPS with the following parameters:
n_threads: 4
k: 5
l: 20
delta: 0.1
exp_rep: 0
The errors of the estimated centralities are computed with respect to the MC baseline run with the following parameters:
n_threads: 4
k: 20
exp_rep: 0
Saving the results...

Running PPS with the following parameters:
n_threads: 4
k: 5
l: 20
delta: 0.1
exp_rep: 1
The errors of the estimated centralities are computed with respect to the MC baseline run with the following parameters:
n_threads: 4
k: 20
exp_rep: 1
Saving the results...

Running PPS with the following parameters:
n_threads: 4
k: 5
l: 20
delta: 0.01
exp_rep: 0
The errors of the estimated centralities are computed with respect to the MC baseline run with the following parameters:
n_threads: 4
k: 20
exp_rep: 0
Saving the results...

Running PPS with the following parameters:
n_threads: 4
k: 5
l: 20
delta: 0.01
exp_rep: 1
The errors of the estimated centralities are computed with respect to the MC baseline run with the following parameters:
n_threads: 4
k: 20
exp_rep: 1
Saving the results...

Running PPS with the following parameters:
n_threads: 4
k: 7
l: 10
delta: 0.1
exp_rep: 0
The errors of the estimated centralities are computed with respect to the MC baseline run with the following parameters:
n_threads: 4
k: 20
exp_rep: 0
Saving the results...

Running PPS with the following parameters:
n_threads: 4
k: 7
l: 10
delta: 0.1
exp_rep: 1
The errors of the estimated centralities are computed with respect to the MC baseline run with the following parameters:
n_threads: 4
k: 20
exp_rep: 1
Saving the results...

Running PPS with the following parameters:
n_threads: 4
k: 7
l: 10
delta: 0.01
exp_rep: 0
The errors of the estimated centralities are computed with respect to the MC baseline run with the following parameters:
n_threads: 4
k: 20
exp_rep: 0
Saving the results...

Running PPS with the following parameters:
n_threads: 4
k: 7
l: 10
delta: 0.01
exp_rep: 1
The errors of the estimated centralities are computed with respect to the MC baseline run with the following parameters:
n_threads: 4
k: 20
exp_rep: 1
Saving the results...

Running PPS with the following parameters:
n_threads: 4
k: 7
l: 20
delta: 0.1
exp_rep: 0
The errors of the estimated centralities are computed with respect to the MC baseline run with the following parameters:
n_threads: 4
k: 20
exp_rep: 0
Saving the results...

Running PPS with the following parameters:
n_threads: 4
k: 7
l: 20
delta: 0.1
exp_rep: 1
The errors of the estimated centralities are computed with respect to the MC baseline run with the following parameters:
n_threads: 4
k: 20
exp_rep: 1
Saving the results...

Running PPS with the following parameters:
n_threads: 4
k: 7
l: 20
delta: 0.01
exp_rep: 0
The errors of the estimated centralities are computed with respect to the MC baseline run with the following parameters:
n_threads: 4
k: 20
exp_rep: 0
Saving the results...

Running PPS with the following parameters:
n_threads: 4
k: 7
l: 20
delta: 0.01
exp_rep: 1
The errors of the estimated centralities are computed with respect to the MC baseline run with the following parameters:
n_threads: 4
k: 20
exp_rep: 1
Saving the results...

Running PPS with the following parameters:
n_threads: 8
k: 5
l: 10
delta: 0.1
exp_rep: 0
The errors of the estimated centralities are computed with respect to the MC baseline run with the following parameters:
n_threads: 8
k: 20
exp_rep: 0
Saving the results...

Running PPS with the following parameters:
n_threads: 8
k: 5
l: 10
delta: 0.1
exp_rep: 1
The errors of the estimated centralities are computed with respect to the MC baseline run with the following parameters:
n_threads: 8
k: 20
exp_rep: 1
Saving the results...

Running PPS with the following parameters:
n_threads: 8
k: 5
l: 10
delta: 0.01
exp_rep: 0
The errors of the estimated centralities are computed with respect to the MC baseline run with the following parameters:
n_threads: 8
k: 20
exp_rep: 0
Saving the results...

Running PPS with the following parameters:
n_threads: 8
k: 5
l: 10
delta: 0.01
exp_rep: 1
The errors of the estimated centralities are computed with respect to the MC baseline run with the following parameters:
n_threads: 8
k: 20
exp_rep: 1
Saving the results...

Running PPS with the following parameters:
n_threads: 8
k: 5
l: 20
delta: 0.1
exp_rep: 0
The errors of the estimated centralities are computed with respect to the MC baseline run with the following parameters:
n_threads: 8
k: 20
exp_rep: 0
Saving the results...

Running PPS with the following parameters:
n_threads: 8
k: 5
l: 20
delta: 0.1
exp_rep: 1
The errors of the estimated centralities are computed with respect to the MC baseline run with the following parameters:
n_threads: 8
k: 20
exp_rep: 1
Saving the results...

Running PPS with the following parameters:
n_threads: 8
k: 5
l: 20
delta: 0.01
exp_rep: 0
The errors of the estimated centralities are computed with respect to the MC baseline run with the following parameters:
n_threads: 8
k: 20
exp_rep: 0
Saving the results...

Running PPS with the following parameters:
n_threads: 8
k: 5
l: 20
delta: 0.01
exp_rep: 1
The errors of the estimated centralities are computed with respect to the MC baseline run with the following parameters:
n_threads: 8
k: 20
exp_rep: 1
Saving the results...

Running PPS with the following parameters:
n_threads: 8
k: 7
l: 10
delta: 0.1
exp_rep: 0
The errors of the estimated centralities are computed with respect to the MC baseline run with the following parameters:
n_threads: 8
k: 20
exp_rep: 0
Saving the results...

Running PPS with the following parameters:
n_threads: 8
k: 7
l: 10
delta: 0.1
exp_rep: 1
The errors of the estimated centralities are computed with respect to the MC baseline run with the following parameters:
n_threads: 8
k: 20
exp_rep: 1
Saving the results...

Running PPS with the following parameters:
n_threads: 8
k: 7
l: 10
delta: 0.01
exp_rep: 0
The errors of the estimated centralities are computed with respect to the MC baseline run with the following parameters:
n_threads: 8
k: 20
exp_rep: 0
Saving the results...

Running PPS with the following parameters:
n_threads: 8
k: 7
l: 10
delta: 0.01
exp_rep: 1
The errors of the estimated centralities are computed with respect to the MC baseline run with the following parameters:
n_threads: 8
k: 20
exp_rep: 1
Saving the results...

Running PPS with the following parameters:
n_threads: 8
k: 7
l: 20
delta: 0.1
exp_rep: 0
The errors of the estimated centralities are computed with respect to the MC baseline run with the following parameters:
n_threads: 8
k: 20
exp_rep: 0
Saving the results...

Running PPS with the following parameters:
n_threads: 8
k: 7
l: 20
delta: 0.1
exp_rep: 1
The errors of the estimated centralities are computed with respect to the MC baseline run with the following parameters:
n_threads: 8
k: 20
exp_rep: 1
Saving the results...

Running PPS with the following parameters:
n_threads: 8
k: 7
l: 20
delta: 0.01
exp_rep: 0
The errors of the estimated centralities are computed with respect to the MC baseline run with the following parameters:
n_threads: 8
k: 20
exp_rep: 0
Saving the results...

Running PPS with the following parameters:
n_threads: 8
k: 7
l: 20
delta: 0.01
exp_rep: 1
The errors of the estimated centralities are computed with respect to the MC baseline run with the following parameters:
n_threads: 8
k: 20
exp_rep: 1
Saving the results...
